
Teddy@DESKTOP-H1IMN58 MINGW64 ~ (main)
$ cd /c/Users/Teddy/Desktop/2023_2/OSS/forGitPractice

Teddy@DESKTOP-H1IMN58 MINGW64 ~/Desktop/2023_2/OSS/forGitPractice (main)
$ git init
Reinitialized existing Git repository in C:/Users/Teddy/Desktop/2023_2/OSS/forGitPractice/.git/

Teddy@DESKTOP-H1IMN58 MINGW64 ~/Desktop/2023_2/OSS/forGitPractice (main)
$ git remote add origin https://github.com/teddykim105/git-practice.git

Teddy@DESKTOP-H1IMN58 MINGW64 ~/Desktop/2023_2/OSS/forGitPractice (main)
$ git remote -v
origin  https://github.com/teddykim105/git-practice.git (fetch)
origin  https://github.com/teddykim105/git-practice.git (push)

Teddy@DESKTOP-H1IMN58 MINGW64 ~/Desktop/2023_2/OSS/forGitPractice (main)
$ git push -u origin main
error: src refspec main does not match any
error: failed to push some refs to 'https://github.com/teddykim105/git-practice.git'

Teddy@DESKTOP-H1IMN58 MINGW64 ~/Desktop/2023_2/OSS/forGitPractice (main)
$ git init
Reinitialized existing Git repository in C:/Users/Teddy/Desktop/2023_2/OSS/forGitPractice/.git/

Teddy@DESKTOP-H1IMN58 MINGW64 ~/Desktop/2023_2/OSS/forGitPractice (main)
$ git add .

Teddy@DESKTOP-H1IMN58 MINGW64 ~/Desktop/2023_2/OSS/forGitPractice (main)
$ git commot -m "init git"
git: 'commot' is not a git command. See 'git --help'.

The most similar command is
        commit

Teddy@DESKTOP-H1IMN58 MINGW64 ~/Desktop/2023_2/OSS/forGitPractice (main)
$ git commit -m "init git"
[main (root-commit) 342dadf] init git
 2 files changed, 7 insertions(+)
 create mode 100644 .gitignore
 create mode 100644 new_words.txt

Teddy@DESKTOP-H1IMN58 MINGW64 ~/Desktop/2023_2/OSS/forGitPractice (main)
$ git push -u origin main

Enumerating objects: 4, done.
Counting objects: 100% (4/4), done.
Delta compression using up to 16 threads
Compressing objects: 100% (2/2), done.
Writing objects: 100% (4/4), 303 bytes | 303.00 KiB/s, done.
Total 4 (delta 0), reused 0 (delta 0), pack-reused 0
To https://github.com/teddykim105/git-practice.git
 * [new branch]      main -> main
branch 'main' set up to track 'origin/main'.

Teddy@DESKTOP-H1IMN58 MINGW64 ~/Desktop/2023_2/OSS/forGitPractice (main)
$ nano README.md

Teddy@DESKTOP-H1IMN58 MINGW64 ~/Desktop/2023_2/OSS/forGitPractice (main)
$ git add README.md
warning: in the working copy of 'README.md', LF will be replaced by CRLF the next time Git touches it

Teddy@DESKTOP-H1IMN58 MINGW64 ~/Desktop/2023_2/OSS/forGitPractice (main)
$ git status
On branch main
Your branch is up to date with 'origin/main'.

Changes to be committed:
  (use "git restore --staged <file>..." to unstage)
        new file:   README.md


Teddy@DESKTOP-H1IMN58 MINGW64 ~/Desktop/2023_2/OSS/forGitPractice (main)
$ git commit -m "added README file"
[main 24721ff] added README file
 1 file changed, 3 insertions(+)
 create mode 100644 README.md

Teddy@DESKTOP-H1IMN58 MINGW64 ~/Desktop/2023_2/OSS/forGitPractice (main)
$ git status
On branch main
Your branch is ahead of 'origin/main' by 1 commit.
  (use "git push" to publish your local commits)

nothing to commit, working tree clean

Teddy@DESKTOP-H1IMN58 MINGW64 ~/Desktop/2023_2/OSS/forGitPractice (main)
$ git push -u origin main
Enumerating objects: 4, done.
Counting objects: 100% (4/4), done.
Delta compression using up to 16 threads
Compressing objects: 100% (3/3), done.
Writing objects: 100% (3/3), 406 bytes | 406.00 KiB/s, done.
Total 3 (delta 0), reused 0 (delta 0), pack-reused 0
To https://github.com/teddykim105/git-practice.git
   342dadf..24721ff  main -> main
branch 'main' set up to track 'origin/main'.

Teddy@DESKTOP-H1IMN58 MINGW64 ~/Desktop/2023_2/OSS/forGitPractice (main)
$ nano README.md

Teddy@DESKTOP-H1IMN58 MINGW64 ~/Desktop/2023_2/OSS/forGitPractice (main)
$ git add README.md
warning: in the working copy of 'README.md', LF will be replaced by CRLF the next time Git touches it

Teddy@DESKTOP-H1IMN58 MINGW64 ~/Desktop/2023_2/OSS/forGitPractice (main)
$ git status
On branch main
Your branch is up to date with 'origin/main'.

Changes to be committed:
  (use "git restore --staged <file>..." to unstage)
        modified:   README.md


Teddy@DESKTOP-H1IMN58 MINGW64 ~/Desktop/2023_2/OSS/forGitPractice (main)
$ git commit -m "modified README file"
[main e02d800] modified README file
 1 file changed, 1 insertion(+), 1 deletion(-)

Teddy@DESKTOP-H1IMN58 MINGW64 ~/Desktop/2023_2/OSS/forGitPractice (main)
$ git push -u origin main
Enumerating objects: 5, done.
Counting objects: 100% (5/5), done.
Delta compression using up to 16 threads
Compressing objects: 100% (3/3), done.
Writing objects: 100% (3/3), 358 bytes | 358.00 KiB/s, done.
Total 3 (delta 1), reused 0 (delta 0), pack-reused 0
remote: Resolving deltas: 100% (1/1), completed with 1 local object.
To https://github.com/teddykim105/git-practice.git
   24721ff..e02d800  main -> main
branch 'main' set up to track 'origin/main'.

Teddy@DESKTOP-H1IMN58 MINGW64 ~/Desktop/2023_2/OSS/forGitPractice (main)
$ nano test_file.txt

Teddy@DESKTOP-H1IMN58 MINGW64 ~/Desktop/2023_2/OSS/forGitPractice (main)
$ git add test_file.txt
warning: in the working copy of 'test_file.txt', LF will be replaced by CRLF the next time Git touches it

Teddy@DESKTOP-H1IMN58 MINGW64 ~/Desktop/2023_2/OSS/forGitPractice (main)
$ git status
On branch main
Your branch is up to date with 'origin/main'.

Changes to be committed:
  (use "git restore --staged <file>..." to unstage)
        new file:   test_file.txt


Teddy@DESKTOP-H1IMN58 MINGW64 ~/Desktop/2023_2/OSS/forGitPractice (main)
$ nano .gitignore

Teddy@DESKTOP-H1IMN58 MINGW64 ~/Desktop/2023_2/OSS/forGitPractice (main)
$ git add.
git: 'add.' is not a git command. See 'git --help'.

The most similar command is
        add

Teddy@DESKTOP-H1IMN58 MINGW64 ~/Desktop/2023_2/OSS/forGitPractice (main)
$ git add .
warning: in the working copy of '.gitignore', LF will be replaced by CRLF the next time Git touches it

Teddy@DESKTOP-H1IMN58 MINGW64 ~/Desktop/2023_2/OSS/forGitPractice (main)
$ git status
On branch main
Your branch is up to date with 'origin/main'.

Changes to be committed:
  (use "git restore --staged <file>..." to unstage)
        modified:   .gitignore
        new file:   test_file.txt


Teddy@DESKTOP-H1IMN58 MINGW64 ~/Desktop/2023_2/OSS/forGitPractice (main)
$ git commit -m "ignored some file"
[main 352d730] ignored some file
 2 files changed, 2 insertions(+)
 create mode 100644 test_file.txt

Teddy@DESKTOP-H1IMN58 MINGW64 ~/Desktop/2023_2/OSS/forGitPractice (main)
$ git push -u origin main
Enumerating objects: 6, done.
Counting objects: 100% (6/6), done.
Delta compression using up to 16 threads
Compressing objects: 100% (2/2), done.
Writing objects: 100% (4/4), 404 bytes | 404.00 KiB/s, done.
Total 4 (delta 0), reused 0 (delta 0), pack-reused 0
To https://github.com/teddykim105/git-practice.git
   e02d800..352d730  main -> main
branch 'main' set up to track 'origin/main'.

Teddy@DESKTOP-H1IMN58 MINGW64 ~/Desktop/2023_2/OSS/forGitPractice (main)
$ git status
On branch main
Your branch is up to date with 'origin/main'.

nothing to commit, working tree clean

Teddy@DESKTOP-H1IMN58 MINGW64 ~/Desktop/2023_2/OSS/forGitPractice (main)
$ git rm test_file.txt
rm 'test_file.txt'

Teddy@DESKTOP-H1IMN58 MINGW64 ~/Desktop/2023_2/OSS/forGitPractice (main)
$ git status
On branch main
Your branch is up to date with 'origin/main'.

Changes to be committed:
  (use "git restore --staged <file>..." to unstage)
        deleted:    test_file.txt


Teddy@DESKTOP-H1IMN58 MINGW64 ~/Desktop/2023_2/OSS/forGitPractice (main)
$ git commit -m "removed test_file.txt"
[main e423587] removed test_file.txt
 1 file changed, 1 deletion(-)
 delete mode 100644 test_file.txt

Teddy@DESKTOP-H1IMN58 MINGW64 ~/Desktop/2023_2/OSS/forGitPractice (main)
$ git status
On branch main
Your branch is ahead of 'origin/main' by 1 commit.
  (use "git push" to publish your local commits)

nothing to commit, working tree clean

Teddy@DESKTOP-H1IMN58 MINGW64 ~/Desktop/2023_2/OSS/forGitPractice (main)
$ git push -u origin main
Enumerating objects: 3, done.
Counting objects: 100% (3/3), done.
Delta compression using up to 16 threads
Compressing objects: 100% (2/2), done.
Writing objects: 100% (2/2), 227 bytes | 227.00 KiB/s, done.
Total 2 (delta 1), reused 0 (delta 0), pack-reused 0
remote: Resolving deltas: 100% (1/1), completed with 1 local object.
To https://github.com/teddykim105/git-practice.git
   352d730..e423587  main -> main
branch 'main' set up to track 'origin/main'.

Teddy@DESKTOP-H1IMN58 MINGW64 ~/Desktop/2023_2/OSS/forGitPractice (main)
$ nano test_file.txt

Teddy@DESKTOP-H1IMN58 MINGW64 ~/Desktop/2023_2/OSS/forGitPractice (main)
$ git status
On branch main
Your branch is up to date with 'origin/main'.

nothing to commit, working tree clean

